
Map of Debug\pwr_amp_soft_start_stm8.sm8 from link file Debug\pwr_amp_soft_start_stm8.lkf - Fri Jun 02 11:59:31 2017


                               --------
                               Segments
                               --------

start 00008080 end 00008084 length     4 segment .const
start 00008094 end 0000871a length  1670 segment .text
start 00004000 end 00004000 length     0 segment .eeprom
start 00000000 end 00000008 length     8 segment .bsct, initialized
start 0000808c end 00008094 length     8 segment .bsct, from
start 00000008 end 0000007d length   117 segment .ubsct
start 0000007d end 0000007d length     0 segment .bit
start 0000007d end 0000007d length     0 segment .share
start 00000100 end 00000100 length     0 segment .data
start 00000100 end 00000100 length     0 segment .bss
start 00000000 end 00000471 length  1137 segment .info.
start 00000000 end 00003ae5 length 15077 segment .debug
start 00008000 end 00008080 length   128 segment .const
start 00008084 end 0000808c length     8 segment .init


                               -------
                               Modules
                               -------

C:\Program Files (x86)\COSMIC\FSE_Compilers\CXSTM8\Lib\crtsi0.sm8:
start 00008094 end 000080e4 length    80 section .text
start 00000100 end 00000100 length     0 section .bss
start 00000008 end 00000008 length     0 section .ubsct
start 00000000 end 0000002f length    47 section .info.

Debug\delay.o:
start 000080e4 end 000081c1 length   221 section .text
start 00000000 end 00000004 length     4 section .bsct
start 00000000 end 000019bf length  6591 section .debug
start 0000002f end 00000099 length   106 section .info.

Debug\main.o:
start 000081c1 end 00008408 length   583 section .text
start 00000004 end 00000007 length     3 section .bsct
start 00000008 end 0000000a length     2 section .ubsct
start 000019bf end 000033fc length  6717 section .debug
start 00000099 end 00000102 length   105 section .info.
start 00008080 end 00008084 length     4 section .const

Debug\scheduler.o:
start 00008408 end 0000866d length   613 section .text
start 00000007 end 00000008 length     1 section .bsct
start 0000000a end 00000073 length   105 section .ubsct
start 000033fc end 0000397a length  1406 section .debug
start 00000102 end 00000170 length   110 section .info.

(C:\Program Files (x86)\COSMIC\FSE_Compilers\CXSTM8\Lib\libis0.sm8)strcmp0.o:
start 0000866d end 00008680 length    19 section .text
start 00000170 end 0000019e length    46 section .info.

(C:\Program Files (x86)\COSMIC\FSE_Compilers\CXSTM8\Lib\libis0.sm8)strncp.o:
start 00008680 end 000086a6 length    38 section .text
start 0000019e end 00000212 length   116 section .info.

(C:\Program Files (x86)\COSMIC\FSE_Compilers\CXSTM8\Lib\libm0.sm8)lcmp.o:
start 000086a6 end 000086c6 length    32 section .text
start 00000212 end 00000240 length    46 section .info.

(C:\Program Files (x86)\COSMIC\FSE_Compilers\CXSTM8\Lib\libm0.sm8)lgadc.o:
start 000086c6 end 000086d6 length    16 section .text
start 00000240 end 0000026f length    47 section .info.

(C:\Program Files (x86)\COSMIC\FSE_Compilers\CXSTM8\Lib\libm0.sm8)lreg.o:
start 00000073 end 00000077 length     4 section .ubsct
start 0000026f end 0000029d length    46 section .info.

(C:\Program Files (x86)\COSMIC\FSE_Compilers\CXSTM8\Lib\libm0.sm8)lsub.o:
start 000086d6 end 000086ee length    24 section .text
start 0000029d end 000002cb length    46 section .info.

(C:\Program Files (x86)\COSMIC\FSE_Compilers\CXSTM8\Lib\libm0.sm8)ltor.o:
start 000086ee end 00008700 length    18 section .text
start 000002cb end 000002f9 length    46 section .info.

(C:\Program Files (x86)\COSMIC\FSE_Compilers\CXSTM8\Lib\libm0.sm8)rtol.o:
start 00008700 end 00008712 length    18 section .text
start 000002f9 end 00000327 length    46 section .info.

(C:\Program Files (x86)\COSMIC\FSE_Compilers\CXSTM8\Lib\libm0.sm8)utolx.o:
start 00008712 end 00008719 length     7 section .text
start 00000327 end 00000356 length    47 section .info.

(C:\Program Files (x86)\COSMIC\FSE_Compilers\CXSTM8\Lib\libm0.sm8)xreg.o:
start 00000077 end 0000007a length     3 section .ubsct
start 00000356 end 00000384 length    46 section .info.

(C:\Program Files (x86)\COSMIC\FSE_Compilers\CXSTM8\Lib\libm0.sm8)yreg.o:
start 0000007a end 0000007d length     3 section .ubsct
start 00000384 end 000003b2 length    46 section .info.

Debug\stm8_interrupt_vector.o:
start 00008719 end 0000871a length     1 section .text
start 0000397a end 00003ae5 length   363 section .debug
start 000003b2 end 0000042c length   122 section .info.
start 00008000 end 00008080 length   128 section .const


                             -----------
                             Stack usage
                             -----------

Debug\delay.o:
_delay_msec                   25   (17)
_delay_usec               >   14   (8)
_millis                        8   (6)
_tmr2_val                      6   (6)

Debug\main.o:
_TIM2_UPD_OVF_IRQHandler  >   14   (11)
_blink_led                     2   (2)
_initialise_system_clock       2   (2)
_main                     >   33   (2)
_read_power_switch             2   (2)
_setup_gpio_ports              2   (2)
_setup_timer2                  2   (2)
_tim_task                     28   (3)

Debug\scheduler.o:
_add_task                     25   (15)
_disable_task             >   10   (6)
_dispatch_tasks               31   (3) *** pointer() ***
_enable_task              >   10   (6)
_scheduler_init                2   (2)
_scheduler_isr                 3   (3)
_set_task_time_period     >   12   (8)

Debug\stm8_interrupt_vector.o:
f_NonHandledInterrupt     >    6   (6)

C:\Program Files (x86:
_strcmp                        4   (4)
_strncpy                      10   (10)

Stack size: 47


                              ---------
                              Call tree
                              ---------
   1 > _TIM2_UPD_OVF_IRQHandler: (11)
   2      + _scheduler_isr: (3)
       
   3 > __stext: (0)

   4 > _delay_usec: (8)
   5      + _tmr2_val: (6)
       
   6 > _disable_task: (6)
   7      + _strcmp: (4)
       
   8 > _enable_task: (6)
   9      + _strcmp --> 7
       
  10 > _main: (2)
  11      + _add_task: (15)
  12      |    + _strncpy: (10)
          | 
  13      + _dispatch_tasks: (3)
  14      |    + (_tim_task) ...
          | 
  15      + _initialise_system_clock: (2)
  16      + _scheduler_init: (2)
  17      + _setup_gpio_ports: (2)
  18      + _setup_timer2: (2)
       
  19 > _set_task_time_period: (8)
  20      + _strcmp --> 7
       
  21 > f_NonHandledInterrupt: (6)

  22   _add_task --> 11

  23   _blink_led: (2)

  24   _delay_msec: (17)
  25      + _millis: (6)
       
  26   _dispatch_tasks --> 13

  27   _initialise_system_clock --> 15

  28   _millis --> 25

  29   _read_power_switch: (2)

  30   _scheduler_init --> 16

  31   _scheduler_isr --> 2

  32   _setup_gpio_ports --> 17

  33   _setup_timer2 --> 18

  34   _strcmp --> 7

  35   _strncpy --> 12

  36   _tim_task: (3)
  37      + _blink_led --> 23
  38      + _delay_msec --> 24
  39      + _read_power_switch --> 29
       
  40   _tmr2_val --> 5



                               -------
                               Symbols
                               -------

_ADC_AWCRH                 0000540e   defined in Debug\delay.o
_ADC_AWCRL                 0000540f   defined in Debug\delay.o
_ADC_AWSRH                 0000540c   defined in Debug\delay.o
_ADC_AWSRL                 0000540d   defined in Debug\delay.o
_ADC_CR1                   00005401   defined in Debug\delay.o
_ADC_CR2                   00005402   defined in Debug\delay.o
_ADC_CR3                   00005403   defined in Debug\delay.o
_ADC_CSR                   00005400   defined in Debug\delay.o
_ADC_DBR                   000053e0   defined in Debug\delay.o
_ADC_DRH                   00005404   defined in Debug\delay.o
_ADC_DRL                   00005405   defined in Debug\delay.o
_ADC_HTRH                  00005408   defined in Debug\delay.o
_ADC_HTRL                  00005409   defined in Debug\delay.o
_ADC_LTRH                  0000540a   defined in Debug\delay.o
_ADC_LTRL                  0000540b   defined in Debug\delay.o
_ADC_TDRH                  00005406   defined in Debug\delay.o
_ADC_TDRL                  00005407   defined in Debug\delay.o
_AWU_APR                   000050f1   defined in Debug\delay.o
_AWU_CSR1                  000050f0   defined in Debug\delay.o
_AWU_TBR                   000050f2   defined in Debug\delay.o
_BEEP_CSR                  000050f3   defined in Debug\delay.o
_CFG_GCR                   00007f60   defined in Debug\delay.o
_CLK_CANCCR                000050cb   defined in Debug\delay.o
_CLK_CCOR                  000050c9   defined in Debug\delay.o
_CLK_CKDIVR                000050c6   defined in Debug\delay.o
_CLK_CMSR                  000050c3   defined in Debug\delay.o
_CLK_CSSR                  000050c8   defined in Debug\delay.o
_CLK_ECKCR                 000050c1   defined in Debug\delay.o
_CLK_HSITRIMR              000050cc   defined in Debug\delay.o
_CLK_ICKCR                 000050c0   defined in Debug\delay.o
_CLK_PCKENR1               000050c7   defined in Debug\delay.o
_CLK_PCKENR2               000050ca   defined in Debug\delay.o
_CLK_SWCR                  000050c5   defined in Debug\delay.o
_CLK_SWIMCCR               000050cd   defined in Debug\delay.o
_CLK_SWR                   000050c4   defined in Debug\delay.o
_DM_BK1RE                  00007f90   defined in Debug\delay.o
_DM_BK1RH                  00007f91   defined in Debug\delay.o
_DM_BK1RL                  00007f92   defined in Debug\delay.o
_DM_BK2RE                  00007f93   defined in Debug\delay.o
_DM_BK2RH                  00007f94   defined in Debug\delay.o
_DM_BK2RL                  00007f95   defined in Debug\delay.o
_DM_CR1                    00007f96   defined in Debug\delay.o
_DM_CR2                    00007f97   defined in Debug\delay.o
_DM_CSR1                   00007f98   defined in Debug\delay.o
_DM_CSR2                   00007f99   defined in Debug\delay.o
_DM_ENFCTR                 00007f9a   defined in Debug\delay.o
_EXTI_CR1                  000050a0   defined in Debug\delay.o
_EXTI_CR2                  000050a1   defined in Debug\delay.o
_FLASH_CR1                 0000505a   defined in Debug\delay.o
_FLASH_CR2                 0000505b   defined in Debug\delay.o
_FLASH_DUKR                00005064   defined in Debug\delay.o
_FLASH_FPR                 0000505d   defined in Debug\delay.o
_FLASH_IAPSR               0000505f   defined in Debug\delay.o
_FLASH_NCR2                0000505c   defined in Debug\delay.o
_FLASH_NFPR                0000505e   defined in Debug\delay.o
_FLASH_PUKR                00005062   defined in Debug\delay.o
_I2C_CCRH                  0000521c   defined in Debug\delay.o
_I2C_CCRL                  0000521b   defined in Debug\delay.o
_I2C_CR1                   00005210   defined in Debug\delay.o
_I2C_CR2                   00005211   defined in Debug\delay.o
_I2C_DR                    00005216   defined in Debug\delay.o
_I2C_FREQR                 00005212   defined in Debug\delay.o
_I2C_ITR                   0000521a   defined in Debug\delay.o
_I2C_OARH                  00005214   defined in Debug\delay.o
_I2C_OARL                  00005213   defined in Debug\delay.o
_I2C_PECR                  0000521e   defined in Debug\delay.o
_I2C_SR1                   00005217   defined in Debug\delay.o
_I2C_SR2                   00005218   defined in Debug\delay.o
_I2C_SR3                   00005219   defined in Debug\delay.o
_I2C_TRISER                0000521d   defined in Debug\delay.o
_ITC_SPR1                  00007f70   defined in Debug\delay.o
_ITC_SPR2                  00007f71   defined in Debug\delay.o
_ITC_SPR3                  00007f72   defined in Debug\delay.o
_ITC_SPR4                  00007f73   defined in Debug\delay.o
_ITC_SPR5                  00007f74   defined in Debug\delay.o
_ITC_SPR6                  00007f75   defined in Debug\delay.o
_ITC_SPR7                  00007f76   defined in Debug\delay.o
_ITC_SPR8                  00007f77   defined in Debug\delay.o
_IWDG_KR                   000050e0   defined in Debug\delay.o
_IWDG_PR                   000050e1   defined in Debug\delay.o
_IWDG_RLR                  000050e2   defined in Debug\delay.o
_PA_CR1                    00005003   defined in Debug\delay.o
_PA_CR2                    00005004   defined in Debug\delay.o
_PA_DDR                    00005002   defined in Debug\delay.o
_PA_IDR                    00005001   defined in Debug\delay.o
_PA_ODR                    00005000   defined in Debug\delay.o
_PB_CR1                    00005008   defined in Debug\delay.o
_PB_CR2                    00005009   defined in Debug\delay.o
_PB_DDR                    00005007   defined in Debug\delay.o
_PB_IDR                    00005006   defined in Debug\delay.o
_PB_ODR                    00005005   defined in Debug\delay.o
_PC_CR1                    0000500d   defined in Debug\delay.o
_PC_CR2                    0000500e   defined in Debug\delay.o
_PC_DDR                    0000500c   defined in Debug\delay.o
_PC_IDR                    0000500b   defined in Debug\delay.o
_PC_ODR                    0000500a   defined in Debug\delay.o
_PD_CR1                    00005012   defined in Debug\delay.o
_PD_CR2                    00005013   defined in Debug\delay.o
_PD_DDR                    00005011   defined in Debug\delay.o
_PD_IDR                    00005010   defined in Debug\delay.o
_PD_ODR                    0000500f   defined in Debug\delay.o
_PE_CR1                    00005017   defined in Debug\delay.o
_PE_CR2                    00005018   defined in Debug\delay.o
_PE_DDR                    00005016   defined in Debug\delay.o
_PE_IDR                    00005015   defined in Debug\delay.o
_PE_ODR                    00005014   defined in Debug\delay.o
_PF_CR1                    0000501c   defined in Debug\delay.o
_PF_CR2                    0000501d   defined in Debug\delay.o
_PF_DDR                    0000501b   defined in Debug\delay.o
_PF_IDR                    0000501a   defined in Debug\delay.o
_PF_ODR                    00005019   defined in Debug\delay.o
_RST_SR                    000050b3   defined in Debug\delay.o
_SPI_CR1                   00005200   defined in Debug\delay.o
_SPI_CR2                   00005201   defined in Debug\delay.o
_SPI_CRCPR                 00005205   defined in Debug\delay.o
_SPI_DR                    00005204   defined in Debug\delay.o
_SPI_ICR                   00005202   defined in Debug\delay.o
_SPI_RXCRCR                00005206   defined in Debug\delay.o
_SPI_SR                    00005203   defined in Debug\delay.o
_SPI_TXCRCR                00005207   defined in Debug\delay.o
_SWIM_CSR                  00007f80   defined in Debug\delay.o
_TIM1_ARRH                 00005262   defined in Debug\delay.o
_TIM1_ARRL                 00005263   defined in Debug\delay.o
_TIM1_BKR                  0000526d   defined in Debug\delay.o
_TIM1_CCER1                0000525c   defined in Debug\delay.o
_TIM1_CCER2                0000525d   defined in Debug\delay.o
_TIM1_CCMR1                00005258   defined in Debug\delay.o
_TIM1_CCMR2                00005259   defined in Debug\delay.o
_TIM1_CCMR3                0000525a   defined in Debug\delay.o
_TIM1_CCMR4                0000525b   defined in Debug\delay.o
_TIM1_CCR1H                00005265   defined in Debug\delay.o
_TIM1_CCR1L                00005266   defined in Debug\delay.o
_TIM1_CCR2H                00005267   defined in Debug\delay.o
_TIM1_CCR2L                00005268   defined in Debug\delay.o
_TIM1_CCR3H                00005269   defined in Debug\delay.o
_TIM1_CCR3L                0000526a   defined in Debug\delay.o
_TIM1_CCR4H                0000526b   defined in Debug\delay.o
_TIM1_CCR4L                0000526c   defined in Debug\delay.o
_TIM1_CNTRH                0000525e   defined in Debug\delay.o
_TIM1_CNTRL                0000525f   defined in Debug\delay.o
_TIM1_CR1                  00005250   defined in Debug\delay.o
_TIM1_CR2                  00005251   defined in Debug\delay.o
_TIM1_DTR                  0000526e   defined in Debug\delay.o
_TIM1_EGR                  00005257   defined in Debug\delay.o
_TIM1_ETR                  00005253   defined in Debug\delay.o
_TIM1_IER                  00005254   defined in Debug\delay.o
_TIM1_OISR                 0000526f   defined in Debug\delay.o
_TIM1_PSCRH                00005260   defined in Debug\delay.o
_TIM1_PSCRL                00005261   defined in Debug\delay.o
_TIM1_RCR                  00005264   defined in Debug\delay.o
_TIM1_SMCR                 00005252   defined in Debug\delay.o
_TIM1_SR1                  00005255   defined in Debug\delay.o
_TIM1_SR2                  00005256   defined in Debug\delay.o
_TIM2_ARRH                 0000530f   defined in Debug\delay.o
_TIM2_ARRL                 00005310   defined in Debug\delay.o
_TIM2_CCER1                0000530a   defined in Debug\delay.o
_TIM2_CCER2                0000530b   defined in Debug\delay.o
_TIM2_CCMR1                00005307   defined in Debug\delay.o
_TIM2_CCMR2                00005308   defined in Debug\delay.o
_TIM2_CCMR3                00005309   defined in Debug\delay.o
_TIM2_CCR1H                00005311   defined in Debug\delay.o
_TIM2_CCR1L                00005312   defined in Debug\delay.o
_TIM2_CCR2H                00005313   defined in Debug\delay.o
_TIM2_CCR2L                00005314   defined in Debug\delay.o
_TIM2_CCR3H                00005315   defined in Debug\delay.o
_TIM2_CCR3L                00005316   defined in Debug\delay.o
_TIM2_CNTRH                0000530c   defined in Debug\delay.o
_TIM2_CNTRL                0000530d   defined in Debug\delay.o
_TIM2_CR1                  00005300   defined in Debug\delay.o
_TIM2_EGR                  00005306   defined in Debug\delay.o
_TIM2_IER                  00005303   defined in Debug\delay.o
_TIM2_PSCR                 0000530e   defined in Debug\delay.o
_TIM2_SR1                  00005304   defined in Debug\delay.o
_TIM2_SR2                  00005305   defined in Debug\delay.o
_TIM2_UPD_OVF_IRQHandler   000081c1   defined in Debug\main.o section .text
                                      used in Debug\stm8_interrupt_vector.o
_TIM4_ARR                  00005348   defined in Debug\delay.o
_TIM4_CNTR                 00005346   defined in Debug\delay.o
_TIM4_CR1                  00005340   defined in Debug\delay.o
_TIM4_EGR                  00005345   defined in Debug\delay.o
_TIM4_IER                  00005343   defined in Debug\delay.o
_TIM4_PSCR                 00005347   defined in Debug\delay.o
_TIM4_SR                   00005344   defined in Debug\delay.o
_UART1_BRR1                00005232   defined in Debug\delay.o
_UART1_BRR2                00005233   defined in Debug\delay.o
_UART1_CR1                 00005234   defined in Debug\delay.o
_UART1_CR2                 00005235   defined in Debug\delay.o
_UART1_CR3                 00005236   defined in Debug\delay.o
_UART1_CR4                 00005237   defined in Debug\delay.o
_UART1_CR5                 00005238   defined in Debug\delay.o
_UART1_DR                  00005231   defined in Debug\delay.o
_UART1_GTR                 00005239   defined in Debug\delay.o
_UART1_PSCR                0000523a   defined in Debug\delay.o
_UART1_SR                  00005230   defined in Debug\delay.o
_WWDG_CR                   000050d1   defined in Debug\delay.o
_WWDG_WR                   000050d2   defined in Debug\delay.o
__endmem                   000001ff   defined in command file
                                      *** not used ***
__endzp                    0000007d   defined in command file section .ubsct
                                      used in C:\Program Files (x86)\COSMIC\FSE_Compilers\CXSTM8\Lib\crtsi0.sm8
__idesc__                  00008084   defined in linker section .init
                                      used in C:\Program Files (x86)\COSMIC\FSE_Compilers\CXSTM8\Lib\crtsi0.sm8
__memory                   00000100   defined in command file section .bss
                                      used in C:\Program Files (x86)\COSMIC\FSE_Compilers\CXSTM8\Lib\crtsi0.sm8
__stack                    000003ff   defined in command file
                                      used in C:\Program Files (x86)\COSMIC\FSE_Compilers\CXSTM8\Lib\crtsi0.sm8
__startmem                 00000100   defined in command file section .bss
                                      *** not used ***
__stext                    00008094   defined in C:\Program Files (x86)\COSMIC\FSE_Compilers\CXSTM8\Lib\crtsi0.sm8 section .text
                                      used in Debug\stm8_interrupt_vector.o
__vectab                   00008000   defined in Debug\stm8_interrupt_vector.o section .const
_add_task                  000084bd   defined in Debug\scheduler.o section .text
                                      used in Debug\main.o
_blink_led                 000082db   defined in Debug\main.o section .text
_delay_msec                000080fa   defined in Debug\delay.o section .text
                                      used in Debug\main.o
_delay_usec                0000819c   defined in Debug\delay.o section .text
_disable_task              000085b9   defined in Debug\scheduler.o section .text
_dispatch_tasks            00008472   defined in Debug\scheduler.o section .text
                                      used in Debug\main.o
_enable_task               0000855e   defined in Debug\scheduler.o section .text
_exit                      000080e2   defined in C:\Program Files (x86)\COSMIC\FSE_Compilers\CXSTM8\Lib\crtsi0.sm8 section .text
_initialise_system_clock   000081ef   defined in Debug\main.o section .text
_led_on                    00000006   defined in Debug\main.o section .bsct, initialized
_main                      000083e2   defined in Debug\main.o section .text
                                      used in C:\Program Files (x86)\COSMIC\FSE_Compilers\CXSTM8\Lib\crtsi0.sm8
_max_tasks                 00000007   defined in Debug\scheduler.o section .bsct, initialized
_millis                    000080e4   defined in Debug\delay.o section .text
_old_pwr_sw                00000008   defined in Debug\main.o section .ubsct
_pwr_sw                    00000009   defined in Debug\main.o section .ubsct
_read_power_switch         000082bc   defined in Debug\main.o section .text
_scheduler_init            00008408   defined in Debug\scheduler.o section .text
                                      used in Debug\main.o
_scheduler_isr             00008411   defined in Debug\scheduler.o section .text
                                      used in Debug\main.o
_set_task_time_period      00008614   defined in Debug\scheduler.o section .text
_setup_gpio_ports          0000823b   defined in Debug\main.o section .text
_setup_timer2              00008226   defined in Debug\main.o section .text
_std                       00000004   defined in Debug\main.o section .bsct, initialized
_strcmp                    0000866d   defined in (C:\Program Files (x86)\COSMIC\FSE_Compilers\CXSTM8\Lib\libis0.sm8)strcmp0.o section .text
                                      used in Debug\scheduler.o
_strncpy                   00008680   defined in (C:\Program Files (x86)\COSMIC\FSE_Compilers\CXSTM8\Lib\libis0.sm8)strncp.o section .text
                                      used in Debug\scheduler.o
_t2_millis                 00000000   defined in Debug\delay.o section .bsct, initialized
                                      used in Debug\main.o
_task_list                 0000000a   defined in Debug\scheduler.o section .ubsct
_tim_task                  000082f0   defined in Debug\main.o section .text
_tmr                       00000005   defined in Debug\main.o section .bsct, initialized
_tmr2_val                  00008170   defined in Debug\delay.o section .text
c_lcmp                     000086a6   defined in (C:\Program Files (x86)\COSMIC\FSE_Compilers\CXSTM8\Lib\libm0.sm8)lcmp.o section .text
                                      used in Debug\delay.o
c_lgadc                    000086c6   defined in (C:\Program Files (x86)\COSMIC\FSE_Compilers\CXSTM8\Lib\libm0.sm8)lgadc.o section .text
                                      used in Debug\delay.o Debug\main.o
c_lreg                     00000073   defined in (C:\Program Files (x86)\COSMIC\FSE_Compilers\CXSTM8\Lib\libm0.sm8)lreg.o section .ubsct
                                      used in Debug\delay.o
                                              (C:\Program Files (x86)\COSMIC\FSE_Compilers\CXSTM8\Lib\libm0.sm8)lcmp.o
                                              (C:\Program Files (x86)\COSMIC\FSE_Compilers\CXSTM8\Lib\libm0.sm8)lsub.o
                                              (C:\Program Files (x86)\COSMIC\FSE_Compilers\CXSTM8\Lib\libm0.sm8)ltor.o
                                              (C:\Program Files (x86)\COSMIC\FSE_Compilers\CXSTM8\Lib\libm0.sm8)rtol.o
                                              (C:\Program Files (x86)\COSMIC\FSE_Compilers\CXSTM8\Lib\libm0.sm8)utolx.o
c_lsub                     000086d6   defined in (C:\Program Files (x86)\COSMIC\FSE_Compilers\CXSTM8\Lib\libm0.sm8)lsub.o section .text
                                      used in Debug\delay.o
c_ltor                     000086ee   defined in (C:\Program Files (x86)\COSMIC\FSE_Compilers\CXSTM8\Lib\libm0.sm8)ltor.o section .text
                                      used in Debug\delay.o
c_rtol                     00008700   defined in (C:\Program Files (x86)\COSMIC\FSE_Compilers\CXSTM8\Lib\libm0.sm8)rtol.o section .text
                                      used in Debug\delay.o
c_uitolx                   00008712   defined in (C:\Program Files (x86)\COSMIC\FSE_Compilers\CXSTM8\Lib\libm0.sm8)utolx.o section .text
                                      used in Debug\delay.o
c_x                        00000077   defined in (C:\Program Files (x86)\COSMIC\FSE_Compilers\CXSTM8\Lib\libm0.sm8)xreg.o section .ubsct
                                      used in C:\Program Files (x86)\COSMIC\FSE_Compilers\CXSTM8\Lib\crtsi0.sm8
                                              Debug\main.o
c_y                        0000007a   defined in (C:\Program Files (x86)\COSMIC\FSE_Compilers\CXSTM8\Lib\libm0.sm8)yreg.o section .ubsct
                                      used in C:\Program Files (x86)\COSMIC\FSE_Compilers\CXSTM8\Lib\crtsi0.sm8
                                              Debug\main.o
f_NonHandledInterrupt      00008719   defined in Debug\stm8_interrupt_vector.o section .text
